total 0
drwxrwxr-x@ 62 isantospro  admin  1984 Feb 11 15:19 .
drwxr-xr-x@ 38 isantospro  admin  1216 Feb 11 13:03 ..
-rw-r--r--@  1 isantospro  admin     0 Apr 15  2024 .keepme
drwxr-xr-x@  3 isantospro  admin    96 Sep  5  2024 boost
drwxr-xr-x@  3 isantospro  admin    96 Sep  5  2024 boost-python3
drwxr-xr-x@  3 isantospro  admin    96 Jan 22 10:31 brotli
drwxr-xr-x@  3 isantospro  admin    96 Jan 22 10:31 c-ares
drwxr-xr-x@  3 isantospro  admin    96 Feb 11 15:19 ca-certificates
drwxr-xr-x@  3 isantospro  admin    96 Feb 11 15:19 cairo
drwxr-xr-x@  3 isantospro  admin    96 Sep 15 14:09 cocoapods
drwxr-xr-x@  3 isantospro  admin    96 Sep  5  2024 docker
drwxr-xr-x@  3 isantospro  admin    96 Sep  5  2024 docker-completion
drwxr-xr-x@  3 isantospro  admin    96 Feb 11 15:19 fontconfig
drwxr-xr-x@  3 isantospro  admin    96 Feb 11 15:19 freetype
drwxr-xr-x@  5 isantospro  admin   160 Feb 11 16:25 gettext
drwxr-xr-x@  3 isantospro  admin    96 Sep  5  2024 giflib
drwxr-xr-x@  3 isantospro  admin    96 Dec 23 22:14 git
drwxr-xr-x@  3 isantospro  admin    96 Sep 16  2024 git-lfs
drwxr-xr-x@  3 isantospro  admin    96 Feb 11 15:19 glib
drwxr-xr-x@  3 isantospro  admin    96 Sep  5  2024 graphite2
drwxr-xr-x@  3 isantospro  admin    96 Feb 11 15:19 harfbuzz
drwxr-xr-x@  3 isantospro  admin    96 Jan 22 10:31 icu4c@78
drwxr-xr-x@  3 isantospro  admin    96 Apr 16  2024 jenv
drwxr-xr-x@  3 isantospro  admin    96 Feb 11 15:19 jpeg-turbo
drwxr-xr-x@  3 isantospro  admin    96 Dec 23 22:14 libiconv
drwxr-xr-x@  3 isantospro  admin    96 Jan 22 10:31 libnghttp2
drwxr-xr-x@  3 isantospro  admin    96 Jan 22 10:31 libnghttp3
drwxr-xr-x@  3 isantospro  admin    96 Jan 22 10:31 libngtcp2
drwxr-xr-x@  3 isantospro  admin    96 Feb 11 15:19 libpng
drwxr-xr-x@  3 isantospro  admin    96 Feb 11 15:19 libtiff
drwxr-xr-x@  3 isantospro  admin    96 Dec 23 22:14 libunistring
drwxr-xr-x@  3 isantospro  admin    96 Jan 22 10:31 libuv
drwxr-xr-x@  3 isantospro  admin    96 Feb 11 15:19 libx11
drwxr-xr-x@  3 isantospro  admin    96 Feb 11 15:19 libxau
drwxr-xr-x@  3 isantospro  admin    96 Sep  5  2024 libxcb
drwxr-xr-x@  3 isantospro  admin    96 Sep  5  2024 libxdmcp
drwxr-xr-x@  3 isantospro  admin    96 Sep  5  2024 libxext
drwxr-xr-x@  3 isantospro  admin    96 Feb 11 15:19 libxrender
drwxr-xr-x@  3 isantospro  admin    96 Sep 15 07:21 libyaml
drwxr-xr-x@  3 isantospro  admin    96 Feb 11 15:19 little-cms2
drwxr-xr-x@  4 isantospro  admin   128 Sep  5  2024 lz4
drwxr-xr-x@  3 isantospro  admin    96 Sep  5  2024 lzo
drwxr-xr-x@  3 isantospro  admin    96 Feb 11 16:25 maven
drwxr-xr-x@  3 isantospro  admin    96 Jan 22 10:31 mongodb-atlas-cli
drwxr-xr-x@  3 isantospro  admin    96 Jan 22 10:31 mongosh
drwxr-xr-x@  3 isantospro  admin    96 Sep  5  2024 mpdecimal
drwxr-xr-x@  3 isantospro  admin    96 Jan 22 10:31 node
drwxr-xr-x@  4 isantospro  admin   128 Feb 11 16:25 openjdk
drwxr-xr-x@  3 isantospro  admin    96 Feb 11 15:19 openjdk@21
drwxr-xr-x@  5 isantospro  admin   160 Jan 22 10:31 openssl@3
drwxr-xr-x@  4 isantospro  admin   128 Dec 23 22:14 pcre2
drwxr-xr-x@  3 isantospro  admin    96 Feb 11 15:19 pixman
drwxr-xr-x@  3 isantospro  admin    96 Sep  5  2024 python@3.12
drwxr-xr-x@  3 isantospro  admin    96 Feb 11 15:19 readline
drwxr-xr-x@  3 isantospro  admin    96 Sep 15 14:09 ruby
drwxr-xr-x@  3 isantospro  admin    96 Sep  9  2024 sevenzip
drwxr-xr-x@  3 isantospro  admin    96 Jan 22 10:31 simdjson
drwxr-xr-x@  5 isantospro  admin   160 Jan 22 10:31 sqlite
drwxr-xr-x@  3 isantospro  admin    96 Jan 22 10:31 uvwasi
drwxr-xr-x@  3 isantospro  admin    96 Feb 11 15:19 xorgproto
drwxr-xr-x@  3 isantospro  admin    96 Feb 11 15:19 xz
drwxr-xr-x@  3 isantospro  admin    96 Feb 11 15:19 zstd
