Using JAVA_HOME=/opt/homebrew/opt/openjdk@21/libexec/openjdk.jdk/Contents/Home
[INFO] Scanning for projects...
[INFO] 
[INFO] -----------------------< com.bluetide:services >------------------------
[INFO] Building services 0.0.1-SNAPSHOT
[INFO]   from pom.xml
[INFO] --------------------------------[ jar ]---------------------------------
[INFO] 
[INFO] --- resources:3.3.1:resources (default-resources) @ services ---
[INFO] Copying 1 resource from src/main/resources to target/classes
[INFO] Copying 0 resource from src/main/resources to target/classes
[INFO] 
[INFO] --- compiler:3.13.0:compile (default-compile) @ services ---
[INFO] Nothing to compile - all classes are up to date.
[INFO] 
[INFO] --- resources:3.3.1:testResources (default-testResources) @ services ---
[INFO] skip non existing resourceDirectory /Users/isantospro/dev/bluetide-back/src/test/resources
[INFO] 
[INFO] --- compiler:3.13.0:testCompile (default-testCompile) @ services ---
[INFO] Recompiling the module because of changed source code.
[INFO] Compiling 9 source files with javac [debug parameters release 21] to target/test-classes
[WARNING] /Users/isantospro/dev/bluetide-back/src/test/java/com/bluetide/services/controller/CompanyControllerTest.java:[29,6] org.springframework.boot.test.mock.mockito.MockBean in org.springframework.boot.test.mock.mockito has been deprecated and marked for removal
[WARNING] /Users/isantospro/dev/bluetide-back/src/test/java/com/bluetide/services/controller/CompanyControllerTest.java:[29,6] org.springframework.boot.test.mock.mockito.MockBean in org.springframework.boot.test.mock.mockito has been deprecated and marked for removal
[WARNING] /Users/isantospro/dev/bluetide-back/src/test/java/com/bluetide/services/controller/CompanyControllerTest.java:[29,6] org.springframework.boot.test.mock.mockito.MockBean in org.springframework.boot.test.mock.mockito has been deprecated and marked for removal
[WARNING] /Users/isantospro/dev/bluetide-back/src/test/java/com/bluetide/services/controller/CompanyControllerTest.java:[29,6] org.springframework.boot.test.mock.mockito.MockBean in org.springframework.boot.test.mock.mockito has been deprecated and marked for removal
[WARNING] /Users/isantospro/dev/bluetide-back/src/test/java/com/bluetide/services/controller/CompanyControllerTest.java:[29,6] org.springframework.boot.test.mock.mockito.MockBean in org.springframework.boot.test.mock.mockito has been deprecated and marked for removal
[WARNING] /Users/isantospro/dev/bluetide-back/src/test/java/com/bluetide/services/controller/CompanyControllerTest.java:[32,6] org.springframework.boot.test.mock.mockito.MockBean in org.springframework.boot.test.mock.mockito has been deprecated and marked for removal
[WARNING] /Users/isantospro/dev/bluetide-back/src/test/java/com/bluetide/services/controller/CompanyControllerTest.java:[32,6] org.springframework.boot.test.mock.mockito.MockBean in org.springframework.boot.test.mock.mockito has been deprecated and marked for removal
[WARNING] /Users/isantospro/dev/bluetide-back/src/test/java/com/bluetide/services/controller/CompanyControllerTest.java:[32,6] org.springframework.boot.test.mock.mockito.MockBean in org.springframework.boot.test.mock.mockito has been deprecated and marked for removal
[WARNING] /Users/isantospro/dev/bluetide-back/src/test/java/com/bluetide/services/controller/CompanyControllerTest.java:[32,6] org.springframework.boot.test.mock.mockito.MockBean in org.springframework.boot.test.mock.mockito has been deprecated and marked for removal
[WARNING] /Users/isantospro/dev/bluetide-back/src/test/java/com/bluetide/services/controller/CompanyControllerTest.java:[32,6] org.springframework.boot.test.mock.mockito.MockBean in org.springframework.boot.test.mock.mockito has been deprecated and marked for removal
[WARNING] /Users/isantospro/dev/bluetide-back/src/test/java/com/bluetide/services/controller/CompanyControllerTest.java:[35,6] org.springframework.boot.test.mock.mockito.MockBean in org.springframework.boot.test.mock.mockito has been deprecated and marked for removal
[WARNING] /Users/isantospro/dev/bluetide-back/src/test/java/com/bluetide/services/controller/CompanyControllerTest.java:[35,6] org.springframework.boot.test.mock.mockito.MockBean in org.springframework.boot.test.mock.mockito has been deprecated and marked for removal
[WARNING] /Users/isantospro/dev/bluetide-back/src/test/java/com/bluetide/services/controller/CompanyControllerTest.java:[35,6] org.springframework.boot.test.mock.mockito.MockBean in org.springframework.boot.test.mock.mockito has been deprecated and marked for removal
[WARNING] /Users/isantospro/dev/bluetide-back/src/test/java/com/bluetide/services/controller/CompanyControllerTest.java:[35,6] org.springframework.boot.test.mock.mockito.MockBean in org.springframework.boot.test.mock.mockito has been deprecated and marked for removal
[WARNING] /Users/isantospro/dev/bluetide-back/src/test/java/com/bluetide/services/controller/CompanyControllerTest.java:[35,6] org.springframework.boot.test.mock.mockito.MockBean in org.springframework.boot.test.mock.mockito has been deprecated and marked for removal
[WARNING] /Users/isantospro/dev/bluetide-back/src/test/java/com/bluetide/services/controller/InventoryControllerTest.java:[28,6] org.springframework.boot.test.mock.mockito.MockBean in org.springframework.boot.test.mock.mockito has been deprecated and marked for removal
[WARNING] /Users/isantospro/dev/bluetide-back/src/test/java/com/bluetide/services/controller/InventoryControllerTest.java:[28,6] org.springframework.boot.test.mock.mockito.MockBean in org.springframework.boot.test.mock.mockito has been deprecated and marked for removal
[WARNING] /Users/isantospro/dev/bluetide-back/src/test/java/com/bluetide/services/controller/InventoryControllerTest.java:[28,6] org.springframework.boot.test.mock.mockito.MockBean in org.springframework.boot.test.mock.mockito has been deprecated and marked for removal
[WARNING] /Users/isantospro/dev/bluetide-back/src/test/java/com/bluetide/services/controller/InventoryControllerTest.java:[28,6] org.springframework.boot.test.mock.mockito.MockBean in org.springframework.boot.test.mock.mockito has been deprecated and marked for removal
[WARNING] /Users/isantospro/dev/bluetide-back/src/test/java/com/bluetide/services/controller/InventoryControllerTest.java:[28,6] org.springframework.boot.test.mock.mockito.MockBean in org.springframework.boot.test.mock.mockito has been deprecated and marked for removal
[WARNING] /Users/isantospro/dev/bluetide-back/src/test/java/com/bluetide/services/controller/InvoiceControllerTest.java:[26,6] org.springframework.boot.test.mock.mockito.MockBean in org.springframework.boot.test.mock.mockito has been deprecated and marked for removal
[WARNING] /Users/isantospro/dev/bluetide-back/src/test/java/com/bluetide/services/controller/InvoiceControllerTest.java:[26,6] org.springframework.boot.test.mock.mockito.MockBean in org.springframework.boot.test.mock.mockito has been deprecated and marked for removal
[WARNING] /Users/isantospro/dev/bluetide-back/src/test/java/com/bluetide/services/controller/InvoiceControllerTest.java:[26,6] org.springframework.boot.test.mock.mockito.MockBean in org.springframework.boot.test.mock.mockito has been deprecated and marked for removal
[WARNING] /Users/isantospro/dev/bluetide-back/src/test/java/com/bluetide/services/controller/InvoiceControllerTest.java:[26,6] org.springframework.boot.test.mock.mockito.MockBean in org.springframework.boot.test.mock.mockito has been deprecated and marked for removal
[WARNING] /Users/isantospro/dev/bluetide-back/src/test/java/com/bluetide/services/controller/InvoiceControllerTest.java:[26,6] org.springframework.boot.test.mock.mockito.MockBean in org.springframework.boot.test.mock.mockito has been deprecated and marked for removal
[WARNING] /Users/isantospro/dev/bluetide-back/src/test/java/com/bluetide/services/controller/MaintenanceControllerTest.java:[25,6] org.springframework.boot.test.mock.mockito.MockBean in org.springframework.boot.test.mock.mockito has been deprecated and marked for removal
[WARNING] /Users/isantospro/dev/bluetide-back/src/test/java/com/bluetide/services/controller/MaintenanceControllerTest.java:[25,6] org.springframework.boot.test.mock.mockito.MockBean in org.springframework.boot.test.mock.mockito has been deprecated and marked for removal
[WARNING] /Users/isantospro/dev/bluetide-back/src/test/java/com/bluetide/services/controller/MaintenanceControllerTest.java:[25,6] org.springframework.boot.test.mock.mockito.MockBean in org.springframework.boot.test.mock.mockito has been deprecated and marked for removal
[WARNING] /Users/isantospro/dev/bluetide-back/src/test/java/com/bluetide/services/controller/MaintenanceControllerTest.java:[25,6] org.springframework.boot.test.mock.mockito.MockBean in org.springframework.boot.test.mock.mockito has been deprecated and marked for removal
[WARNING] /Users/isantospro/dev/bluetide-back/src/test/java/com/bluetide/services/controller/MaintenanceControllerTest.java:[25,6] org.springframework.boot.test.mock.mockito.MockBean in org.springframework.boot.test.mock.mockito has been deprecated and marked for removal
[WARNING] /Users/isantospro/dev/bluetide-back/src/test/java/com/bluetide/services/controller/NotificationControllerTest.java:[27,6] org.springframework.boot.test.mock.mockito.MockBean in org.springframework.boot.test.mock.mockito has been deprecated and marked for removal
[WARNING] /Users/isantospro/dev/bluetide-back/src/test/java/com/bluetide/services/controller/NotificationControllerTest.java:[27,6] org.springframework.boot.test.mock.mockito.MockBean in org.springframework.boot.test.mock.mockito has been deprecated and marked for removal
[WARNING] /Users/isantospro/dev/bluetide-back/src/test/java/com/bluetide/services/controller/NotificationControllerTest.java:[27,6] org.springframework.boot.test.mock.mockito.MockBean in org.springframework.boot.test.mock.mockito has been deprecated and marked for removal
[WARNING] /Users/isantospro/dev/bluetide-back/src/test/java/com/bluetide/services/controller/NotificationControllerTest.java:[27,6] org.springframework.boot.test.mock.mockito.MockBean in org.springframework.boot.test.mock.mockito has been deprecated and marked for removal
[WARNING] /Users/isantospro/dev/bluetide-back/src/test/java/com/bluetide/services/controller/NotificationControllerTest.java:[27,6] org.springframework.boot.test.mock.mockito.MockBean in org.springframework.boot.test.mock.mockito has been deprecated and marked for removal
[WARNING] /Users/isantospro/dev/bluetide-back/src/test/java/com/bluetide/services/controller/NotificationControllerTest.java:[29,6] org.springframework.boot.test.mock.mockito.MockBean in org.springframework.boot.test.mock.mockito has been deprecated and marked for removal
[WARNING] /Users/isantospro/dev/bluetide-back/src/test/java/com/bluetide/services/controller/NotificationControllerTest.java:[29,6] org.springframework.boot.test.mock.mockito.MockBean in org.springframework.boot.test.mock.mockito has been deprecated and marked for removal
[WARNING] /Users/isantospro/dev/bluetide-back/src/test/java/com/bluetide/services/controller/NotificationControllerTest.java:[29,6] org.springframework.boot.test.mock.mockito.MockBean in org.springframework.boot.test.mock.mockito has been deprecated and marked for removal
[WARNING] /Users/isantospro/dev/bluetide-back/src/test/java/com/bluetide/services/controller/NotificationControllerTest.java:[29,6] org.springframework.boot.test.mock.mockito.MockBean in org.springframework.boot.test.mock.mockito has been deprecated and marked for removal
[WARNING] /Users/isantospro/dev/bluetide-back/src/test/java/com/bluetide/services/controller/NotificationControllerTest.java:[29,6] org.springframework.boot.test.mock.mockito.MockBean in org.springframework.boot.test.mock.mockito has been deprecated and marked for removal
[WARNING] /Users/isantospro/dev/bluetide-back/src/test/java/com/bluetide/services/controller/NotificationControllerTest.java:[31,6] org.springframework.boot.test.mock.mockito.MockBean in org.springframework.boot.test.mock.mockito has been deprecated and marked for removal
[WARNING] /Users/isantospro/dev/bluetide-back/src/test/java/com/bluetide/services/controller/NotificationControllerTest.java:[31,6] org.springframework.boot.test.mock.mockito.MockBean in org.springframework.boot.test.mock.mockito has been deprecated and marked for removal
[WARNING] /Users/isantospro/dev/bluetide-back/src/test/java/com/bluetide/services/controller/NotificationControllerTest.java:[31,6] org.springframework.boot.test.mock.mockito.MockBean in org.springframework.boot.test.mock.mockito has been deprecated and marked for removal
[WARNING] /Users/isantospro/dev/bluetide-back/src/test/java/com/bluetide/services/controller/NotificationControllerTest.java:[31,6] org.springframework.boot.test.mock.mockito.MockBean in org.springframework.boot.test.mock.mockito has been deprecated and marked for removal
[WARNING] /Users/isantospro/dev/bluetide-back/src/test/java/com/bluetide/services/controller/NotificationControllerTest.java:[31,6] org.springframework.boot.test.mock.mockito.MockBean in org.springframework.boot.test.mock.mockito has been deprecated and marked for removal
[WARNING] /Users/isantospro/dev/bluetide-back/src/test/java/com/bluetide/services/controller/PropertyControllerTest.java:[26,6] org.springframework.boot.test.mock.mockito.MockBean in org.springframework.boot.test.mock.mockito has been deprecated and marked for removal
[WARNING] /Users/isantospro/dev/bluetide-back/src/test/java/com/bluetide/services/controller/PropertyControllerTest.java:[26,6] org.springframework.boot.test.mock.mockito.MockBean in org.springframework.boot.test.mock.mockito has been deprecated and marked for removal
[WARNING] /Users/isantospro/dev/bluetide-back/src/test/java/com/bluetide/services/controller/PropertyControllerTest.java:[26,6] org.springframework.boot.test.mock.mockito.MockBean in org.springframework.boot.test.mock.mockito has been deprecated and marked for removal
[WARNING] /Users/isantospro/dev/bluetide-back/src/test/java/com/bluetide/services/controller/PropertyControllerTest.java:[26,6] org.springframework.boot.test.mock.mockito.MockBean in org.springframework.boot.test.mock.mockito has been deprecated and marked for removal
[WARNING] /Users/isantospro/dev/bluetide-back/src/test/java/com/bluetide/services/controller/PropertyControllerTest.java:[26,6] org.springframework.boot.test.mock.mockito.MockBean in org.springframework.boot.test.mock.mockito has been deprecated and marked for removal
[WARNING] /Users/isantospro/dev/bluetide-back/src/test/java/com/bluetide/services/controller/ServiceRequestControllerTest.java:[26,6] org.springframework.boot.test.mock.mockito.MockBean in org.springframework.boot.test.mock.mockito has been deprecated and marked for removal
[WARNING] /Users/isantospro/dev/bluetide-back/src/test/java/com/bluetide/services/controller/ServiceRequestControllerTest.java:[26,6] org.springframework.boot.test.mock.mockito.MockBean in org.springframework.boot.test.mock.mockito has been deprecated and marked for removal
[WARNING] /Users/isantospro/dev/bluetide-back/src/test/java/com/bluetide/services/controller/ServiceRequestControllerTest.java:[26,6] org.springframework.boot.test.mock.mockito.MockBean in org.springframework.boot.test.mock.mockito has been deprecated and marked for removal
[WARNING] /Users/isantospro/dev/bluetide-back/src/test/java/com/bluetide/services/controller/ServiceRequestControllerTest.java:[26,6] org.springframework.boot.test.mock.mockito.MockBean in org.springframework.boot.test.mock.mockito has been deprecated and marked for removal
[WARNING] /Users/isantospro/dev/bluetide-back/src/test/java/com/bluetide/services/controller/ServiceRequestControllerTest.java:[26,6] org.springframework.boot.test.mock.mockito.MockBean in org.springframework.boot.test.mock.mockito has been deprecated and marked for removal
[WARNING] /Users/isantospro/dev/bluetide-back/src/test/java/com/bluetide/services/controller/UserControllerTest.java:[24,6] org.springframework.boot.test.mock.mockito.MockBean in org.springframework.boot.test.mock.mockito has been deprecated and marked for removal
[WARNING] /Users/isantospro/dev/bluetide-back/src/test/java/com/bluetide/services/controller/UserControllerTest.java:[24,6] org.springframework.boot.test.mock.mockito.MockBean in org.springframework.boot.test.mock.mockito has been deprecated and marked for removal
[WARNING] /Users/isantospro/dev/bluetide-back/src/test/java/com/bluetide/services/controller/UserControllerTest.java:[24,6] org.springframework.boot.test.mock.mockito.MockBean in org.springframework.boot.test.mock.mockito has been deprecated and marked for removal
[WARNING] /Users/isantospro/dev/bluetide-back/src/test/java/com/bluetide/services/controller/UserControllerTest.java:[24,6] org.springframework.boot.test.mock.mockito.MockBean in org.springframework.boot.test.mock.mockito has been deprecated and marked for removal
[WARNING] /Users/isantospro/dev/bluetide-back/src/test/java/com/bluetide/services/controller/UserControllerTest.java:[24,6] org.springframework.boot.test.mock.mockito.MockBean in org.springframework.boot.test.mock.mockito has been deprecated and marked for removal
[INFO] 
[INFO] --- surefire:3.5.2:test (default-test) @ services ---
[INFO] Using auto detected provider org.apache.maven.surefire.junitplatform.JUnitPlatformProvider
[INFO] 
[INFO] -------------------------------------------------------
[INFO]  T E S T S
[INFO] -------------------------------------------------------
[INFO] Running com.bluetide.services.controller.CompanyControllerTest
17:05:18.270 [main] INFO org.springframework.test.context.support.AnnotationConfigContextLoaderUtils -- Could not detect default configuration classes for test class [com.bluetide.services.controller.CompanyControllerTest]: CompanyControllerTest does not declare any static, non-private, non-final, nested classes annotated with @Configuration.
17:05:18.335 [main] INFO org.springframework.boot.test.context.SpringBootTestContextBootstrapper -- Found @SpringBootConfiguration com.bluetide.services.ServicesApplication for test class com.bluetide.services.controller.CompanyControllerTest
17:05:18.413 [main] INFO org.springframework.boot.devtools.restart.RestartApplicationListener -- Restart disabled due to context in which it is running

  .   ____          _            __ _ _
 /\\ / ___'_ __ _ _(_)_ __  __ _ \ \ \ \
( ( )\___ | '_ | '_| | '_ \/ _` | \ \ \ \
 \\/  ___)| |_)| | | | | || (_| |  ) ) ) )
  '  |____| .__|_| |_|_| |_\__, | / / / /
 =========|_|==============|___/=/_/_/_/

 :: Spring Boot ::                (v3.4.2)

2026-02-11T17:05:18.530-06:00  INFO 56993 --- [bluetide] [           main] c.b.s.controller.CompanyControllerTest   : Starting CompanyControllerTest using Java 21.0.10 with PID 56993 (started by isantospro in /Users/isantospro/dev/bluetide-back)
2026-02-11T17:05:18.531-06:00  INFO 56993 --- [bluetide] [           main] c.b.s.controller.CompanyControllerTest   : No active profile set, falling back to 1 default profile: "default"
Mockito is currently self-attaching to enable the inline-mock-maker. This will no longer work in future releases of the JDK. Please add Mockito as an agent to your build what is described in Mockito's documentation: https://javadoc.io/doc/org.mockito/mockito-core/latest/org/mockito/Mockito.html#0.3
OpenJDK 64-Bit Server VM warning: Sharing is only supported for boot loader classes because bootstrap classpath has been appended
WARNING: A Java agent has been loaded dynamically (/Users/isantospro/.m2/repository/net/bytebuddy/byte-buddy-agent/1.15.11/byte-buddy-agent-1.15.11.jar)
WARNING: If a serviceability tool is in use, please run with -XX:+EnableDynamicAgentLoading to hide this warning
WARNING: If a serviceability tool is not in use, please run with -Djdk.instrument.traceUsage for more information
WARNING: Dynamic loading of agents will be disallowed by default in a future release
2026-02-11T17:05:19.505-06:00  INFO 56993 --- [bluetide] [           main] o.s.b.t.m.w.SpringBootMockServletContext : Initializing Spring TestDispatcherServlet ''
2026-02-11T17:05:19.506-06:00  INFO 56993 --- [bluetide] [           main] o.s.t.web.servlet.TestDispatcherServlet  : Initializing Servlet ''
2026-02-11T17:05:19.506-06:00  INFO 56993 --- [bluetide] [           main] o.s.t.web.servlet.TestDispatcherServlet  : Completed initialization in 0 ms
2026-02-11T17:05:19.518-06:00  INFO 56993 --- [bluetide] [           main] c.b.s.controller.CompanyControllerTest   : Started CompanyControllerTest in 1.108 seconds (process running for 1.514)
[INFO] Tests run: 8, Failures: 0, Errors: 0, Skipped: 0, Time elapsed: 1.419 s -- in com.bluetide.services.controller.CompanyControllerTest
[INFO] 
[INFO] Results:
[INFO] 
[INFO] Tests run: 8, Failures: 0, Errors: 0, Skipped: 0
[INFO] 
[INFO] ------------------------------------------------------------------------
[INFO] BUILD SUCCESS
[INFO] ------------------------------------------------------------------------
[INFO] Total time:  2.723 s
[INFO] Finished at: 2026-02-11T17:05:19-06:00
[INFO] ------------------------------------------------------------------------
